LEVEL 4C GRAPH-CONTRACT VALIDATOR
production_decoder_imported=False
oracle=exhaustive_2^13_physical_masks_per_CSS_sector
syndrome_domain=64_Z_plus_64_X_sector_local_cases
SECTOR Z: checks=6 graph_edges=17 shortest_path_catalog_entries=30 cases=64 failures=0
Z syn=0x00 oracle=0 found=0 valid_masks=1
Z syn=0x01 oracle=1 found=1 valid_masks=8
Z syn=0x02 oracle=1 found=1 valid_masks=8
Z syn=0x03 oracle=1 found=1 valid_masks=4
Z syn=0x04 oracle=1 found=1 valid_masks=8
Z syn=0x05 oracle=2 found=2 valid_masks=10
Z syn=0x06 oracle=2 found=2 valid_masks=15
Z syn=0x07 oracle=2 found=2 valid_masks=28
Z syn=0x08 oracle=1 found=1 valid_masks=8
Z syn=0x09 oracle=2 found=2 valid_masks=10
Z syn=0x0a oracle=2 found=2 valid_masks=8
Z syn=0x0b oracle=2 found=2 valid_masks=28
Z syn=0x0c oracle=2 found=2 valid_masks=12
Z syn=0x0d oracle=2 found=2 valid_masks=25
Z syn=0x0e oracle=2 found=2 valid_masks=27
Z syn=0x0f oracle=3 found=3 valid_masks=53
Z syn=0x10 oracle=1 found=1 valid_masks=8
Z syn=0x11 oracle=2 found=2 valid_masks=10
Z syn=0x12 oracle=2 found=2 valid_masks=12
Z syn=0x13 oracle=2 found=2 valid_masks=28
Z syn=0x14 oracle=2 found=2 valid_masks=17
Z syn=0x15 oracle=3 found=3 valid_masks=16
Z syn=0x16 oracle=3 found=3 valid_masks=15
Z syn=0x17 oracle=3 found=3 valid_masks=21
Z syn=0x18 oracle=2 found=2 valid_masks=12
Z syn=0x19 oracle=3 found=3 valid_masks=23
Z syn=0x1a oracle=3 found=3 valid_masks=25
Z syn=0x1b oracle=3 found=3 valid_masks=36
Z syn=0x1c oracle=3 found=3 valid_masks=29
Z syn=0x1d oracle=3 found=3 valid_masks=36
Z syn=0x1e oracle=3 found=3 valid_masks=40
Z syn=0x1f oracle=3 found=3 valid_masks=34
Z syn=0x20 oracle=1 found=1 valid_masks=8
Z syn=0x21 oracle=2 found=2 valid_masks=10
Z syn=0x22 oracle=2 found=2 valid_masks=12
Z syn=0x23 oracle=2 found=2 valid_masks=28
Z syn=0x24 oracle=2 found=2 valid_masks=17
Z syn=0x25 oracle=3 found=3 valid_masks=16
Z syn=0x26 oracle=3 found=3 valid_masks=15
Z syn=0x27 oracle=3 found=3 valid_masks=21
Z syn=0x28 oracle=2 found=2 valid_masks=12
Z syn=0x29 oracle=3 found=3 valid_masks=23
Z syn=0x2a oracle=3 found=3 valid_masks=25
Z syn=0x2b oracle=3 found=3 valid_masks=36
Z syn=0x2c oracle=3 found=3 valid_masks=29
Z syn=0x2d oracle=3 found=3 valid_masks=36
Z syn=0x2e oracle=3 found=3 valid_masks=40
Z syn=0x2f oracle=3 found=3 valid_masks=34
Z syn=0x30 oracle=2 found=2 valid_masks=12
Z syn=0x31 oracle=3 found=3 valid_masks=23
Z syn=0x32 oracle=3 found=3 valid_masks=25
Z syn=0x33 oracle=3 found=3 valid_masks=36
Z syn=0x34 oracle=3 found=3 valid_masks=29
Z syn=0x35 oracle=3 found=3 valid_masks=36
Z syn=0x36 oracle=3 found=3 valid_masks=40
Z syn=0x37 oracle=3 found=3 valid_masks=34
Z syn=0x38 oracle=3 found=3 valid_masks=29
Z syn=0x39 oracle=3 found=3 valid_masks=36
Z syn=0x3a oracle=3 found=3 valid_masks=40
Z syn=0x3b oracle=3 found=3 valid_masks=34
Z syn=0x3c oracle=3 found=3 valid_masks=29
Z syn=0x3d oracle=3 found=3 valid_masks=36
Z syn=0x3e oracle=3 found=3 valid_masks=40
Z syn=0x3f oracle=3 found=3 valid_masks=34
SECTOR X: checks=6 graph_edges=17 shortest_path_catalog_entries=30 cases=64 failures=0
X syn=0x00 oracle=0 found=0 valid_masks=1
X syn=0x01 oracle=1 found=1 valid_masks=8
X syn=0x02 oracle=1 found=1 valid_masks=8
X syn=0x03 oracle=1 found=1 valid_masks=4
X syn=0x04 oracle=1 found=1 valid_masks=8
X syn=0x05 oracle=2 found=2 valid_masks=10
X syn=0x06 oracle=2 found=2 valid_masks=12
X syn=0x07 oracle=2 found=2 valid_masks=17
X syn=0x08 oracle=1 found=1 valid_masks=8
X syn=0x09 oracle=2 found=2 valid_masks=10
X syn=0x0a oracle=2 found=2 valid_masks=12
X syn=0x0b oracle=2 found=2 valid_masks=17
X syn=0x0c oracle=2 found=2 valid_masks=10
X syn=0x0d oracle=2 found=2 valid_masks=25
X syn=0x0e oracle=2 found=2 valid_masks=22
X syn=0x0f oracle=2 found=2 valid_masks=21
X syn=0x10 oracle=1 found=1 valid_masks=8
X syn=0x11 oracle=2 found=2 valid_masks=10
X syn=0x12 oracle=2 found=2 valid_masks=12
X syn=0x13 oracle=2 found=2 valid_masks=17
X syn=0x14 oracle=2 found=2 valid_masks=10
X syn=0x15 oracle=2 found=2 valid_masks=21
X syn=0x16 oracle=3 found=3 valid_masks=29
X syn=0x17 oracle=3 found=3 valid_masks=39
X syn=0x18 oracle=2 found=2 valid_masks=10
X syn=0x19 oracle=2 found=2 valid_masks=21
X syn=0x1a oracle=2 found=2 valid_masks=15
X syn=0x1b oracle=2 found=2 valid_masks=21
X syn=0x1c oracle=2 found=2 valid_masks=15
X syn=0x1d oracle=3 found=3 valid_masks=33
X syn=0x1e oracle=3 found=3 valid_masks=43
X syn=0x1f oracle=3 found=3 valid_masks=45
X syn=0x20 oracle=1 found=1 valid_masks=8
X syn=0x21 oracle=2 found=2 valid_masks=10
X syn=0x22 oracle=2 found=2 valid_masks=12
X syn=0x23 oracle=2 found=2 valid_masks=17
X syn=0x24 oracle=2 found=2 valid_masks=10
X syn=0x25 oracle=2 found=2 valid_masks=21
X syn=0x26 oracle=3 found=3 valid_masks=29
X syn=0x27 oracle=3 found=3 valid_masks=39
X syn=0x28 oracle=2 found=2 valid_masks=10
X syn=0x29 oracle=2 found=2 valid_masks=21
X syn=0x2a oracle=2 found=2 valid_masks=15
X syn=0x2b oracle=2 found=2 valid_masks=21
X syn=0x2c oracle=2 found=2 valid_masks=15
X syn=0x2d oracle=3 found=3 valid_masks=33
X syn=0x2e oracle=3 found=3 valid_masks=43
X syn=0x2f oracle=3 found=3 valid_masks=45
X syn=0x30 oracle=2 found=2 valid_masks=15
X syn=0x31 oracle=3 found=3 valid_masks=33
X syn=0x32 oracle=3 found=3 valid_masks=43
X syn=0x33 oracle=3 found=3 valid_masks=45
X syn=0x34 oracle=3 found=3 valid_masks=28
X syn=0x35 oracle=3 found=3 valid_masks=36
X syn=0x36 oracle=3 found=3 valid_masks=54
X syn=0x37 oracle=3 found=3 valid_masks=67
X syn=0x38 oracle=3 found=3 valid_masks=28
X syn=0x39 oracle=3 found=3 valid_masks=36
X syn=0x3a oracle=3 found=3 valid_masks=54
X syn=0x3b oracle=3 found=3 valid_masks=67
X syn=0x3c oracle=3 found=3 valid_masks=28
X syn=0x3d oracle=3 found=3 valid_masks=36
X syn=0x3e oracle=3 found=3 valid_masks=54
X syn=0x3f oracle=3 found=3 valid_masks=67
TOTAL_CASES=128
TOTAL_FAILURES=0
RESULT: PASS
INTERPRETATION: graph construction is extensionally equivalent to the independent physical oracle on the tested d=3 sector-local syndrome spaces.
