LEVEL 4B-v2 PAIR CATALOGUE

SECTOR Z:
Z-(0,1) intersection=(3,) phys_min=1 min_reps=[8]
Z-(0,2) intersection=() phys_min=2 min_reps=[80, 272]
Z-(0,3) intersection=() phys_min=2 min_reps=[24, 272]
Z-(0,4) intersection=() phys_min=2 min_reps=[72, 520]
Z-(0,5) intersection=() phys_min=2 min_reps=[40, 288]
Z-(1,2) intersection=() phys_min=2 min_reps=[12, 20, 36, 132, 140, 148, 164, 412]
Z-(1,3) intersection=(2,) phys_min=1 min_reps=[4]
Z-(1,4) intersection=() phys_min=2 min_reps=[68, 76, 260, 324, 388, 452, 516, 772]
Z-(1,5) intersection=() phys_min=2 min_reps=[36, 68, 132, 260, 324, 388, 452, 516]
Z-(2,3) intersection=(6,) phys_min=1 min_reps=[64]
Z-(2,4) intersection=() phys_min=2 min_reps=[96, 576]
Z-(2,5) intersection=() phys_min=2 min_reps=[40, 96, 192, 576]
Z-(3,4) intersection=() phys_min=2 min_reps=[160, 192, 672, 704, 1184, 1216]
Z-(3,5) intersection=() phys_min=2 min_reps=[144, 272, 384, 640]
Z-(4,5) intersection=(11,) phys_min=1 min_reps=[2048]

SECTOR X:
X-(0,1) intersection=(4,) phys_min=1 min_reps=[16]
X-(0,2) intersection=() phys_min=2 min_reps=[80, 2064]
X-(0,3) intersection=() phys_min=2 min_reps=[65, 129]
X-(0,4) intersection=() phys_min=2 min_reps=[2080, 2088, 2480, 2632]
X-(0,5) intersection=() phys_min=2 min_reps=[513, 1473]
X-(1,2) intersection=() phys_min=2 min_reps=[272, 2192]
X-(1,3) intersection=() phys_min=2 min_reps=[1096, 3112]
X-(1,4) intersection=(11,) phys_min=1 min_reps=[2048]
X-(1,5) intersection=() phys_min=2 min_reps=[2056, 2060, 2088, 2092, 2112, 2180, 2304, 2336, 2484, 2500, 2564, 2628, 2692, 2740, 2820, 2948, 3088]
X-(2,3) intersection=() phys_min=2 min_reps=[16, 64, 80, 132, 144, 208, 320, 384, 608, 640, 1152, 1216, 4160, 4224, 5120, 5184]
X-(2,4) intersection=() phys_min=2 min_reps=[144, 160, 576, 592, 656, 672, 1088, 1152, 1200, 1216, 1232, 1728, 2000, 2032, 2144, 2288, 2320, 2336, 2656, 2848, 2864, 2880, 2896, 3040, 3056, 3088]
X-(2,5) intersection=() phys_min=2 min_reps=[128, 144, 512, 576, 1152, 1216]
X-(3,4) intersection=() phys_min=2 min_reps=[2176, 2208]
X-(3,5) intersection=(10,) phys_min=1 min_reps=[1024]
X-(4,5) intersection=() phys_min=2 min_reps=[2056, 2376, 3080, 3208, 3272, 3336, 3464, 3592, 3656, 3720]

RESULT: PASS
